Archive member included because of file (symbol)

e:/diploma_material/imt/sdk/imt_sdk_win_64/winavr/bin/../lib/gcc/avr/4.3.3/avr5\libgcc.a(_mulsi3.o)
                              ./MCAL/ADC/ADC_Program.o (__mulsi3)
e:/diploma_material/imt/sdk/imt_sdk_win_64/winavr/bin/../lib/gcc/avr/4.3.3/avr5\libgcc.a(_udivmodhi4.o)
                              ./HAL/servo/Servo_Program.o (__udivmodhi4)
e:/diploma_material/imt/sdk/imt_sdk_win_64/winavr/bin/../lib/gcc/avr/4.3.3/avr5\libgcc.a(_exit.o)
                              e:/diploma_material/imt/sdk/imt_sdk_win_64/winavr/bin/../lib/gcc/avr/4.3.3/../../../../avr/lib/avr5/crtm32.o (exit)
e:/diploma_material/imt/sdk/imt_sdk_win_64/winavr/bin/../lib/gcc/avr/4.3.3/avr5\libgcc.a(_copy_data.o)
                              ./HAL/SSD/ssd_program.o (__do_copy_data)
e:/diploma_material/imt/sdk/imt_sdk_win_64/winavr/bin/../lib/gcc/avr/4.3.3/avr5\libgcc.a(_clear_bss.o)
                              ./MCAL/TIMERS/TIMERS_Program.o (__do_clear_bss)
e:/diploma_material/imt/sdk/imt_sdk_win_64/winavr/bin/../lib/gcc/avr/4.3.3/avr5\libgcc.a(_fixunssfsi.o)
                              ./HAL/SSD/ssd_program.o (__fixunssfsi)
e:/diploma_material/imt/sdk/imt_sdk_win_64/winavr/bin/../lib/gcc/avr/4.3.3/avr5\libgcc.a(_addsub_sf.o)
                              e:/diploma_material/imt/sdk/imt_sdk_win_64/winavr/bin/../lib/gcc/avr/4.3.3/avr5\libgcc.a(_fixunssfsi.o) (__subsf3)
e:/diploma_material/imt/sdk/imt_sdk_win_64/winavr/bin/../lib/gcc/avr/4.3.3/avr5\libgcc.a(_mul_sf.o)
                              ./HAL/SSD/ssd_program.o (__mulsf3)
e:/diploma_material/imt/sdk/imt_sdk_win_64/winavr/bin/../lib/gcc/avr/4.3.3/avr5\libgcc.a(_gt_sf.o)
                              ./HAL/SSD/ssd_program.o (__gtsf2)
e:/diploma_material/imt/sdk/imt_sdk_win_64/winavr/bin/../lib/gcc/avr/4.3.3/avr5\libgcc.a(_ge_sf.o)
                              e:/diploma_material/imt/sdk/imt_sdk_win_64/winavr/bin/../lib/gcc/avr/4.3.3/avr5\libgcc.a(_fixunssfsi.o) (__gesf2)
e:/diploma_material/imt/sdk/imt_sdk_win_64/winavr/bin/../lib/gcc/avr/4.3.3/avr5\libgcc.a(_lt_sf.o)
                              ./HAL/SSD/ssd_program.o (__ltsf2)
e:/diploma_material/imt/sdk/imt_sdk_win_64/winavr/bin/../lib/gcc/avr/4.3.3/avr5\libgcc.a(_sf_to_si.o)
                              e:/diploma_material/imt/sdk/imt_sdk_win_64/winavr/bin/../lib/gcc/avr/4.3.3/avr5\libgcc.a(_fixunssfsi.o) (__fixsfsi)
e:/diploma_material/imt/sdk/imt_sdk_win_64/winavr/bin/../lib/gcc/avr/4.3.3/avr5\libgcc.a(_thenan_sf.o)
                              e:/diploma_material/imt/sdk/imt_sdk_win_64/winavr/bin/../lib/gcc/avr/4.3.3/avr5\libgcc.a(_addsub_sf.o) (__thenan_sf)
e:/diploma_material/imt/sdk/imt_sdk_win_64/winavr/bin/../lib/gcc/avr/4.3.3/avr5\libgcc.a(_prologue.o)
                              e:/diploma_material/imt/sdk/imt_sdk_win_64/winavr/bin/../lib/gcc/avr/4.3.3/avr5\libgcc.a(_addsub_sf.o) (__prologue_saves__)
e:/diploma_material/imt/sdk/imt_sdk_win_64/winavr/bin/../lib/gcc/avr/4.3.3/avr5\libgcc.a(_epilogue.o)
                              e:/diploma_material/imt/sdk/imt_sdk_win_64/winavr/bin/../lib/gcc/avr/4.3.3/avr5\libgcc.a(_addsub_sf.o) (__epilogue_restores__)
e:/diploma_material/imt/sdk/imt_sdk_win_64/winavr/bin/../lib/gcc/avr/4.3.3/avr5\libgcc.a(_pack_sf.o)
                              e:/diploma_material/imt/sdk/imt_sdk_win_64/winavr/bin/../lib/gcc/avr/4.3.3/avr5\libgcc.a(_addsub_sf.o) (__pack_f)
e:/diploma_material/imt/sdk/imt_sdk_win_64/winavr/bin/../lib/gcc/avr/4.3.3/avr5\libgcc.a(_unpack_sf.o)
                              e:/diploma_material/imt/sdk/imt_sdk_win_64/winavr/bin/../lib/gcc/avr/4.3.3/avr5\libgcc.a(_addsub_sf.o) (__unpack_f)
e:/diploma_material/imt/sdk/imt_sdk_win_64/winavr/bin/../lib/gcc/avr/4.3.3/avr5\libgcc.a(_fpcmp_parts_sf.o)
                              e:/diploma_material/imt/sdk/imt_sdk_win_64/winavr/bin/../lib/gcc/avr/4.3.3/avr5\libgcc.a(_gt_sf.o) (__fpcmp_parts_f)

Allocating common symbols
Common symbol       size              file

volt                0x2               ./main.o
digital             0x2               ./main.o
ADC_Result          0x2               ./main.o

Memory Configuration

Name             Origin             Length             Attributes
text             0x00000000         0x00020000         xr
data             0x00800060         0x0000ffa0         rw !x
eeprom           0x00810000         0x00010000         rw !x
fuse             0x00820000         0x00000400         rw !x
lock             0x00830000         0x00000400         rw !x
signature        0x00840000         0x00000400         rw !x
*default*        0x00000000         0xffffffff

Linker script and memory map

LOAD e:/diploma_material/imt/sdk/imt_sdk_win_64/winavr/bin/../lib/gcc/avr/4.3.3/../../../../avr/lib/avr5/crtm32.o
LOAD ./MCAL/TIMERS/TIMERS_Program.o
LOAD ./MCAL/GIE/GIE_pogram.o
LOAD ./MCAL/EXTI/EXTI_program.o
LOAD ./MCAL/DIO/DIO_program.o
LOAD ./MCAL/ADC/ADC_Program.o
LOAD ./HAL/servo/Servo_Program.o
LOAD ./HAL/SSD/ssd_program.o
LOAD ./HAL/LCD/LCD_program.o
LOAD ./HAL/KPD/KPD_Program.o
LOAD ./main.o
LOAD e:/diploma_material/imt/sdk/imt_sdk_win_64/winavr/bin/../lib/gcc/avr/4.3.3/avr5\libgcc.a
LOAD e:/diploma_material/imt/sdk/imt_sdk_win_64/winavr/bin/../lib/gcc/avr/4.3.3/../../../../avr/lib/avr5\libc.a
LOAD e:/diploma_material/imt/sdk/imt_sdk_win_64/winavr/bin/../lib/gcc/avr/4.3.3/avr5\libgcc.a

.hash
 *(.hash)

.dynsym
 *(.dynsym)

.dynstr
 *(.dynstr)

.gnu.version
 *(.gnu.version)

.gnu.version_d
 *(.gnu.version_d)

.gnu.version_r
 *(.gnu.version_r)

.rel.init
 *(.rel.init)

.rela.init
 *(.rela.init)

.rel.text
 *(.rel.text)
 *(.rel.text.*)
 *(.rel.gnu.linkonce.t*)

.rela.text
 *(.rela.text)
 *(.rela.text.*)
 *(.rela.gnu.linkonce.t*)

.rel.fini
 *(.rel.fini)

.rela.fini
 *(.rela.fini)

.rel.rodata
 *(.rel.rodata)
 *(.rel.rodata.*)
 *(.rel.gnu.linkonce.r*)

.rela.rodata
 *(.rela.rodata)
 *(.rela.rodata.*)
 *(.rela.gnu.linkonce.r*)

.rel.data
 *(.rel.data)
 *(.rel.data.*)
 *(.rel.gnu.linkonce.d*)

.rela.data
 *(.rela.data)
 *(.rela.data.*)
 *(.rela.gnu.linkonce.d*)

.rel.ctors
 *(.rel.ctors)

.rela.ctors
 *(.rela.ctors)

.rel.dtors
 *(.rel.dtors)

.rela.dtors
 *(.rela.dtors)

.rel.got
 *(.rel.got)

.rela.got
 *(.rela.got)

.rel.bss
 *(.rel.bss)

.rela.bss
 *(.rela.bss)

.rel.plt
 *(.rel.plt)

.rela.plt
 *(.rela.plt)

.text           0x00000000     0x417a
 *(.vectors)
 .vectors       0x00000000       0x54 e:/diploma_material/imt/sdk/imt_sdk_win_64/winavr/bin/../lib/gcc/avr/4.3.3/../../../../avr/lib/avr5/crtm32.o
                0x00000000                __vectors
                0x00000000                __vector_default
 *(.vectors)
 *(.progmem.gcc*)
 *(.progmem*)
                0x00000054                . = ALIGN (0x2)
                0x00000054                __trampolines_start = .
 *(.trampolines)
 .trampolines   0x00000054        0x0 linker stubs
 *(.trampolines*)
                0x00000054                __trampolines_end = .
 *(.jumptables)
 *(.jumptables*)
 *(.lowtext)
 *(.lowtext*)
                0x00000054                __ctors_start = .
 *(.ctors)
                0x00000054                __ctors_end = .
                0x00000054                __dtors_start = .
 *(.dtors)
                0x00000054                __dtors_end = .
 SORT(*)(.ctors)
 SORT(*)(.dtors)
 *(.init0)
 .init0         0x00000054        0x0 e:/diploma_material/imt/sdk/imt_sdk_win_64/winavr/bin/../lib/gcc/avr/4.3.3/../../../../avr/lib/avr5/crtm32.o
                0x00000054                __init
 *(.init0)
 *(.init1)
 *(.init1)
 *(.init2)
 .init2         0x00000054        0xc e:/diploma_material/imt/sdk/imt_sdk_win_64/winavr/bin/../lib/gcc/avr/4.3.3/../../../../avr/lib/avr5/crtm32.o
 *(.init2)
 *(.init3)
 *(.init3)
 *(.init4)
 .init4         0x00000060       0x16 e:/diploma_material/imt/sdk/imt_sdk_win_64/winavr/bin/../lib/gcc/avr/4.3.3/avr5\libgcc.a(_copy_data.o)
                0x00000060                __do_copy_data
 .init4         0x00000076       0x10 e:/diploma_material/imt/sdk/imt_sdk_win_64/winavr/bin/../lib/gcc/avr/4.3.3/avr5\libgcc.a(_clear_bss.o)
                0x00000076                __do_clear_bss
 *(.init4)
 *(.init5)
 *(.init5)
 *(.init6)
 *(.init6)
 *(.init7)
 *(.init7)
 *(.init8)
 *(.init8)
 *(.init9)
 .init9         0x00000086        0x8 e:/diploma_material/imt/sdk/imt_sdk_win_64/winavr/bin/../lib/gcc/avr/4.3.3/../../../../avr/lib/avr5/crtm32.o
 *(.init9)
 *(.text)
 .text          0x0000008e        0x4 e:/diploma_material/imt/sdk/imt_sdk_win_64/winavr/bin/../lib/gcc/avr/4.3.3/../../../../avr/lib/avr5/crtm32.o
                0x0000008e                __vector_12
                0x0000008e                __bad_interrupt
                0x0000008e                __vector_13
                0x0000008e                __vector_17
                0x0000008e                __vector_19
                0x0000008e                __vector_5
                0x0000008e                __vector_4
                0x0000008e                __vector_15
                0x0000008e                __vector_14
                0x0000008e                __vector_18
                0x0000008e                __vector_20
 .text          0x00000092        0x0 ./MCAL/TIMERS/TIMERS_Program.o
 .text          0x00000092        0x0 ./MCAL/GIE/GIE_pogram.o
 .text          0x00000092        0x0 ./MCAL/EXTI/EXTI_program.o
 .text          0x00000092        0x0 ./MCAL/DIO/DIO_program.o
 .text          0x00000092        0x0 ./MCAL/ADC/ADC_Program.o
 .text          0x00000092        0x0 ./HAL/servo/Servo_Program.o
 .text          0x00000092        0x0 ./HAL/SSD/ssd_program.o
 .text          0x00000092        0x0 ./HAL/LCD/LCD_program.o
 .text          0x00000092        0x0 ./HAL/KPD/KPD_Program.o
 .text          0x00000092        0x0 ./main.o
 .text          0x00000092        0x0 e:/diploma_material/imt/sdk/imt_sdk_win_64/winavr/bin/../lib/gcc/avr/4.3.3/avr5\libgcc.a(_mulsi3.o)
 .text          0x00000092        0x0 e:/diploma_material/imt/sdk/imt_sdk_win_64/winavr/bin/../lib/gcc/avr/4.3.3/avr5\libgcc.a(_udivmodhi4.o)
 .text          0x00000092        0x0 e:/diploma_material/imt/sdk/imt_sdk_win_64/winavr/bin/../lib/gcc/avr/4.3.3/avr5\libgcc.a(_exit.o)
 .text          0x00000092        0x0 e:/diploma_material/imt/sdk/imt_sdk_win_64/winavr/bin/../lib/gcc/avr/4.3.3/avr5\libgcc.a(_copy_data.o)
 .text          0x00000092        0x0 e:/diploma_material/imt/sdk/imt_sdk_win_64/winavr/bin/../lib/gcc/avr/4.3.3/avr5\libgcc.a(_clear_bss.o)
 .text          0x00000092       0x58 e:/diploma_material/imt/sdk/imt_sdk_win_64/winavr/bin/../lib/gcc/avr/4.3.3/avr5\libgcc.a(_fixunssfsi.o)
                0x00000092                __fixunssfsi
 .text          0x000000ea      0x354 e:/diploma_material/imt/sdk/imt_sdk_win_64/winavr/bin/../lib/gcc/avr/4.3.3/avr5\libgcc.a(_addsub_sf.o)
                0x00000382                __subsf3
                0x000003e4                __addsf3
 .text          0x0000043e      0x1f4 e:/diploma_material/imt/sdk/imt_sdk_win_64/winavr/bin/../lib/gcc/avr/4.3.3/avr5\libgcc.a(_mul_sf.o)
                0x0000043e                __mulsf3
 .text          0x00000632       0x60 e:/diploma_material/imt/sdk/imt_sdk_win_64/winavr/bin/../lib/gcc/avr/4.3.3/avr5\libgcc.a(_gt_sf.o)
                0x00000632                __gtsf2
 .text          0x00000692       0x60 e:/diploma_material/imt/sdk/imt_sdk_win_64/winavr/bin/../lib/gcc/avr/4.3.3/avr5\libgcc.a(_ge_sf.o)
                0x00000692                __gesf2
 .text          0x000006f2       0x60 e:/diploma_material/imt/sdk/imt_sdk_win_64/winavr/bin/../lib/gcc/avr/4.3.3/avr5\libgcc.a(_lt_sf.o)
                0x000006f2                __ltsf2
 .text          0x00000752       0xa8 e:/diploma_material/imt/sdk/imt_sdk_win_64/winavr/bin/../lib/gcc/avr/4.3.3/avr5\libgcc.a(_sf_to_si.o)
                0x00000752                __fixsfsi
 .text          0x000007fa        0x0 e:/diploma_material/imt/sdk/imt_sdk_win_64/winavr/bin/../lib/gcc/avr/4.3.3/avr5\libgcc.a(_thenan_sf.o)
 .text          0x000007fa        0x0 e:/diploma_material/imt/sdk/imt_sdk_win_64/winavr/bin/../lib/gcc/avr/4.3.3/avr5\libgcc.a(_prologue.o)
 .text          0x000007fa        0x0 e:/diploma_material/imt/sdk/imt_sdk_win_64/winavr/bin/../lib/gcc/avr/4.3.3/avr5\libgcc.a(_epilogue.o)
 .text          0x000007fa      0x1aa e:/diploma_material/imt/sdk/imt_sdk_win_64/winavr/bin/../lib/gcc/avr/4.3.3/avr5\libgcc.a(_pack_sf.o)
                0x000007fa                __pack_f
 .text          0x000009a4       0xf0 e:/diploma_material/imt/sdk/imt_sdk_win_64/winavr/bin/../lib/gcc/avr/4.3.3/avr5\libgcc.a(_unpack_sf.o)
                0x000009a4                __unpack_f
 .text          0x00000a94       0xb2 e:/diploma_material/imt/sdk/imt_sdk_win_64/winavr/bin/../lib/gcc/avr/4.3.3/avr5\libgcc.a(_fpcmp_parts_sf.o)
                0x00000a94                __fpcmp_parts_f
                0x00000b46                . = ALIGN (0x2)
 *(.text.*)
 .text.TIMER0_Init
                0x00000b46      0x10c ./MCAL/TIMERS/TIMERS_Program.o
                0x00000b46                TIMER0_Init
 .text.TIMER0_OC0Mode
                0x00000c52       0xce ./MCAL/TIMERS/TIMERS_Program.o
                0x00000c52                TIMER0_OC0Mode
 .text.TIMER0_OV_InterruptEnable
                0x00000d20       0x1c ./MCAL/TIMERS/TIMERS_Program.o
                0x00000d20                TIMER0_OV_InterruptEnable
 .text.TIMER0_OV_InterruptDisable
                0x00000d3c       0x1c ./MCAL/TIMERS/TIMERS_Program.o
                0x00000d3c                TIMER0_OV_InterruptDisable
 .text.TIMER0_OC_InterruptEnable
                0x00000d58       0x1c ./MCAL/TIMERS/TIMERS_Program.o
                0x00000d58                TIMER0_OC_InterruptEnable
 .text.TIMER0_OC_InterruptDisable
                0x00000d74       0x1c ./MCAL/TIMERS/TIMERS_Program.o
                0x00000d74                TIMER0_OC_InterruptDisable
 .text.TIMER0_Read_TCNT
                0x00000d90       0x14 ./MCAL/TIMERS/TIMERS_Program.o
                0x00000d90                TIMER0_Read_TCNT
 .text.TIMER0_CTC_SetOCR0
                0x00000da4       0x1c ./MCAL/TIMERS/TIMERS_Program.o
                0x00000da4                TIMER0_CTC_SetOCR0
 .text.Timer0_OVF_SetCallBack
                0x00000dc0       0x2c ./MCAL/TIMERS/TIMERS_Program.o
                0x00000dc0                Timer0_OVF_SetCallBack
 .text.Timer0_CTC_SetCallBack
                0x00000dec       0x2c ./MCAL/TIMERS/TIMERS_Program.o
                0x00000dec                Timer0_CTC_SetCallBack
 .text.__vector_11
                0x00000e18       0x66 ./MCAL/TIMERS/TIMERS_Program.o
                0x00000e18                __vector_11
 .text.__vector_10
                0x00000e7e       0x66 ./MCAL/TIMERS/TIMERS_Program.o
                0x00000e7e                __vector_10
 .text.Timer1_Init
                0x00000ee4      0x1aa ./MCAL/TIMERS/TIMERS_Program.o
                0x00000ee4                Timer1_Init
 .text.Timer1_OCRA1Mode
                0x0000108e       0xce ./MCAL/TIMERS/TIMERS_Program.o
                0x0000108e                Timer1_OCRA1Mode
 .text.Timer1_OCRB1Mode
                0x0000115c       0xce ./MCAL/TIMERS/TIMERS_Program.o
                0x0000115c                Timer1_OCRB1Mode
 .text.Timer1_InputCaptureEdge
                0x0000122a       0x3e ./MCAL/TIMERS/TIMERS_Program.o
                0x0000122a                Timer1_InputCaptureEdge
 .text.Timer1_ReadInputCaptureValue
                0x00001268       0x16 ./MCAL/TIMERS/TIMERS_Program.o
                0x00001268                Timer1_ReadInputCaptureValue
 .text.Timer1_ICU_InterruptEnable
                0x0000127e       0x1c ./MCAL/TIMERS/TIMERS_Program.o
                0x0000127e                Timer1_ICU_InterruptEnable
 .text.Timer1_ICU_InterruptDisable
                0x0000129a       0x1c ./MCAL/TIMERS/TIMERS_Program.o
                0x0000129a                Timer1_ICU_InterruptDisable
 .text.Timer1_OVF_InterruptEnable
                0x000012b6       0x1c ./MCAL/TIMERS/TIMERS_Program.o
                0x000012b6                Timer1_OVF_InterruptEnable
 .text.Timer1_OVF_InterruptDisable
                0x000012d2       0x1c ./MCAL/TIMERS/TIMERS_Program.o
                0x000012d2                Timer1_OVF_InterruptDisable
 .text.Timer1_OCA_InterruptEnable
                0x000012ee       0x1c ./MCAL/TIMERS/TIMERS_Program.o
                0x000012ee                Timer1_OCA_InterruptEnable
 .text.Timer1_OCA_InterruptDisable
                0x0000130a       0x1c ./MCAL/TIMERS/TIMERS_Program.o
                0x0000130a                Timer1_OCA_InterruptDisable
 .text.Timer1_OCB_InterruptEnable
                0x00001326       0x1c ./MCAL/TIMERS/TIMERS_Program.o
                0x00001326                Timer1_OCB_InterruptEnable
 .text.Timer1_OCB_InterruptDisable
                0x00001342       0x1c ./MCAL/TIMERS/TIMERS_Program.o
                0x00001342                Timer1_OCB_InterruptDisable
 .text.TIMER1_PreloadOCR1B
                0x0000135e       0x24 ./MCAL/TIMERS/TIMERS_Program.o
                0x0000135e                TIMER1_PreloadOCR1B
 .text.TIMER1_PreloadOCR1A
                0x00001382       0x24 ./MCAL/TIMERS/TIMERS_Program.o
                0x00001382                TIMER1_PreloadOCR1A
 .text.Timer1_OVF_SetCallBack
                0x000013a6       0x24 ./MCAL/TIMERS/TIMERS_Program.o
                0x000013a6                Timer1_OVF_SetCallBack
 .text.Timer1_OCA_SetCallBack
                0x000013ca       0x24 ./MCAL/TIMERS/TIMERS_Program.o
                0x000013ca                Timer1_OCA_SetCallBack
 .text.Timer1_OCB_SetCallBack
                0x000013ee       0x24 ./MCAL/TIMERS/TIMERS_Program.o
                0x000013ee                Timer1_OCB_SetCallBack
 .text.Timer1_ICU_SetCallBack
                0x00001412       0x24 ./MCAL/TIMERS/TIMERS_Program.o
                0x00001412                Timer1_ICU_SetCallBack
 .text.__vector_9
                0x00001436       0x66 ./MCAL/TIMERS/TIMERS_Program.o
                0x00001436                __vector_9
 .text.__vector_7
                0x0000149c       0x66 ./MCAL/TIMERS/TIMERS_Program.o
                0x0000149c                __vector_7
 .text.__vector_8
                0x00001502       0x66 ./MCAL/TIMERS/TIMERS_Program.o
                0x00001502                __vector_8
 .text.__vector_6
                0x00001568       0x66 ./MCAL/TIMERS/TIMERS_Program.o
                0x00001568                __vector_6
 .text.GIE_voidEnable
                0x000015ce       0x1c ./MCAL/GIE/GIE_pogram.o
                0x000015ce                GIE_voidEnable
 .text.GIE_voidDisable
                0x000015ea       0x1c ./MCAL/GIE/GIE_pogram.o
                0x000015ea                GIE_voidDisable
 .text.EXIT_voidINT0Init
                0x00001606       0x38 ./MCAL/EXTI/EXTI_program.o
                0x00001606                EXIT_voidINT0Init
 .text.EXIT_voidINT1Init
                0x0000163e       0x38 ./MCAL/EXTI/EXTI_program.o
                0x0000163e                EXIT_voidINT1Init
 .text.EXIT_voidINT2Init
                0x00001676       0x2a ./MCAL/EXTI/EXTI_program.o
                0x00001676                EXIT_voidINT2Init
 .text.EXIT_u8INT0_SetSenseControl
                0x000016a0       0xda ./MCAL/EXTI/EXTI_program.o
                0x000016a0                EXIT_u8INT0_SetSenseControl
 .text.EXIT_u8INT1_SetSenseControl
                0x0000177a       0xda ./MCAL/EXTI/EXTI_program.o
                0x0000177a                EXIT_u8INT1_SetSenseControl
 .text.EXIT_u8INT2_SetSenseControl
                0x00001854       0x62 ./MCAL/EXTI/EXTI_program.o
                0x00001854                EXIT_u8INT2_SetSenseControl
 .text.EXIT_u8INT_Enable
                0x000018b6       0x60 ./MCAL/EXTI/EXTI_program.o
                0x000018b6                EXIT_u8INT_Enable
 .text.EXIT_u8INT_Disable
                0x00001916       0x60 ./MCAL/EXTI/EXTI_program.o
                0x00001916                EXIT_u8INT_Disable
 .text.EXIT_u8Int0SetCallBack
                0x00001976       0x3a ./MCAL/EXTI/EXTI_program.o
                0x00001976                EXIT_u8Int0SetCallBack
 .text.__vector_1
                0x000019b0       0x66 ./MCAL/EXTI/EXTI_program.o
                0x000019b0                __vector_1
 .text.EXIT_u8Int1SetCallBack
                0x00001a16       0x3a ./MCAL/EXTI/EXTI_program.o
                0x00001a16                EXIT_u8Int1SetCallBack
 .text.__vector_2
                0x00001a50       0x66 ./MCAL/EXTI/EXTI_program.o
                0x00001a50                __vector_2
 .text.EXIT_u8Int2SetCallBack
                0x00001ab6       0x3a ./MCAL/EXTI/EXTI_program.o
                0x00001ab6                EXIT_u8Int2SetCallBack
 .text.__vector_3
                0x00001af0       0x66 ./MCAL/EXTI/EXTI_program.o
                0x00001af0                __vector_3
 .text.DIO_u8SetPinDirection
                0x00001b56      0x224 ./MCAL/DIO/DIO_program.o
                0x00001b56                DIO_u8SetPinDirection
 .text.DIO_u8SetPortDirection
                0x00001d7a       0x90 ./MCAL/DIO/DIO_program.o
                0x00001d7a                DIO_u8SetPortDirection
 .text.DIO_u8SetPinValue
                0x00001e0a      0x224 ./MCAL/DIO/DIO_program.o
                0x00001e0a                DIO_u8SetPinValue
 .text.DIO_u8SetPortValue
                0x0000202e       0x90 ./MCAL/DIO/DIO_program.o
                0x0000202e                DIO_u8SetPortValue
 .text.DIO_u8GetPinValue
                0x000020be      0x130 ./MCAL/DIO/DIO_program.o
                0x000020be                DIO_u8GetPinValue
 .text.ADC_voidInit
                0x000021ee       0x62 ./MCAL/ADC/ADC_Program.o
                0x000021ee                ADC_voidInit
 .text.ADC_u16StartConversionSynchronous
                0x00002250       0x98 ./MCAL/ADC/ADC_Program.o
                0x00002250                ADC_u16StartConversionSynchronous
 .text.ADC_u16StartConversionAsynchronous
                0x000022e8       0x8e ./MCAL/ADC/ADC_Program.o
                0x000022e8                ADC_u16StartConversionAsynchronous
 .text.__vector_16
                0x00002376       0x8a ./MCAL/ADC/ADC_Program.o
                0x00002376                __vector_16
 .text.ADC_GetVolt_Synchronous
                0x00002400       0x58 ./MCAL/ADC/ADC_Program.o
                0x00002400                ADC_GetVolt_Synchronous
 .text.ADC_GetVolt
                0x00002458       0x46 ./MCAL/ADC/ADC_Program.o
                0x00002458                ADC_GetVolt
 .text.Servo_Init
                0x0000249e       0x2c ./HAL/servo/Servo_Program.o
                0x0000249e                Servo_Init
 .text.Servo_SetAngle
                0x000024ca       0x50 ./HAL/servo/Servo_Program.o
                0x000024ca                Servo_SetAngle
 .text.ssd_u8Enable
                0x0000251a       0x40 ./HAL/SSD/ssd_program.o
                0x0000251a                ssd_u8Enable
 .text.ssd_u8Disable
                0x0000255a       0x36 ./HAL/SSD/ssd_program.o
                0x0000255a                ssd_u8Disable
 .text.ssd_u8SendNumber
                0x00002590       0xde ./HAL/SSD/ssd_program.o
                0x00002590                ssd_u8SendNumber
 .text.ssd_u8SendNumber_Mul
                0x0000266e      0x254 ./HAL/SSD/ssd_program.o
                0x0000266e                ssd_u8SendNumber_Mul
 .text.HLCD_VoidInit
                0x000028c2      0x3f4 ./HAL/LCD/LCD_program.o
                0x000028c2                HLCD_VoidInit
 .text.HLCD_VoidSendChar
                0x00002cb6      0x220 ./HAL/LCD/LCD_program.o
                0x00002cb6                HLCD_VoidSendChar
 .text.HLCD_VoidSendCommand
                0x00002ed6      0x220 ./HAL/LCD/LCD_program.o
                0x00002ed6                HLCD_VoidSendCommand
 .text.HLCD_VoidSendString
                0x000030f6       0x52 ./HAL/LCD/LCD_program.o
                0x000030f6                HLCD_VoidSendString
 .text.HLCD_VoidSendNumber
                0x00003148       0xbe ./HAL/LCD/LCD_program.o
                0x00003148                HLCD_VoidSendNumber
 .text.HLCD_VoidGotoXY
                0x00003206       0x36 ./HAL/LCD/LCD_program.o
                0x00003206                HLCD_VoidGotoXY
 .text.HLCD_VoidDraw
                0x0000323c       0x7e ./HAL/LCD/LCD_program.o
                0x0000323c                HLCD_VoidDraw
 .text.KPD_u8GetPressedKey
                0x000032ba      0x190 ./HAL/KPD/KPD_Program.o
                0x000032ba                KPD_u8GetPressedKey
 .text.main     0x0000344a      0xc1e ./main.o
                0x0000344a                main
 .text.APP      0x00004068       0x3a ./main.o
                0x00004068                APP
 .text.libgcc   0x000040a2       0x3e e:/diploma_material/imt/sdk/imt_sdk_win_64/winavr/bin/../lib/gcc/avr/4.3.3/avr5\libgcc.a(_mulsi3.o)
                0x000040a2                __mulsi3
 .text.libgcc   0x000040e0       0x28 e:/diploma_material/imt/sdk/imt_sdk_win_64/winavr/bin/../lib/gcc/avr/4.3.3/avr5\libgcc.a(_udivmodhi4.o)
                0x000040e0                __udivmodhi4
 .text.libgcc   0x00004108        0x0 e:/diploma_material/imt/sdk/imt_sdk_win_64/winavr/bin/../lib/gcc/avr/4.3.3/avr5\libgcc.a(_exit.o)
 .text.libgcc   0x00004108        0x0 e:/diploma_material/imt/sdk/imt_sdk_win_64/winavr/bin/../lib/gcc/avr/4.3.3/avr5\libgcc.a(_copy_data.o)
 .text.libgcc   0x00004108        0x0 e:/diploma_material/imt/sdk/imt_sdk_win_64/winavr/bin/../lib/gcc/avr/4.3.3/avr5\libgcc.a(_clear_bss.o)
 .text.libgcc   0x00004108       0x38 e:/diploma_material/imt/sdk/imt_sdk_win_64/winavr/bin/../lib/gcc/avr/4.3.3/avr5\libgcc.a(_prologue.o)
                0x00004108                __prologue_saves__
 .text.libgcc   0x00004140       0x36 e:/diploma_material/imt/sdk/imt_sdk_win_64/winavr/bin/../lib/gcc/avr/4.3.3/avr5\libgcc.a(_epilogue.o)
                0x00004140                __epilogue_restores__
                0x00004176                . = ALIGN (0x2)
 *(.fini9)
 .fini9         0x00004176        0x0 e:/diploma_material/imt/sdk/imt_sdk_win_64/winavr/bin/../lib/gcc/avr/4.3.3/avr5\libgcc.a(_exit.o)
                0x00004176                exit
                0x00004176                _exit
 *(.fini9)
 *(.fini8)
 *(.fini8)
 *(.fini7)
 *(.fini7)
 *(.fini6)
 *(.fini6)
 *(.fini5)
 *(.fini5)
 *(.fini4)
 *(.fini4)
 *(.fini3)
 *(.fini3)
 *(.fini2)
 *(.fini2)
 *(.fini1)
 *(.fini1)
 *(.fini0)
 .fini0         0x00004176        0x4 e:/diploma_material/imt/sdk/imt_sdk_win_64/winavr/bin/../lib/gcc/avr/4.3.3/avr5\libgcc.a(_exit.o)
 *(.fini0)
                0x0000417a                _etext = .

.data           0x00800060       0xf6 load address 0x0000417a
                0x00800060                PROVIDE (__data_start, .)
 *(.data)
 .data          0x00800060        0x0 e:/diploma_material/imt/sdk/imt_sdk_win_64/winavr/bin/../lib/gcc/avr/4.3.3/../../../../avr/lib/avr5/crtm32.o
 .data          0x00800060        0x0 ./MCAL/TIMERS/TIMERS_Program.o
 .data          0x00800060        0x0 ./MCAL/GIE/GIE_pogram.o
 .data          0x00800060        0x0 ./MCAL/EXTI/EXTI_program.o
 .data          0x00800060        0x0 ./MCAL/DIO/DIO_program.o
 .data          0x00800060        0x0 ./MCAL/ADC/ADC_Program.o
 .data          0x00800060        0x0 ./HAL/servo/Servo_Program.o
 .data          0x00800060        0x0 ./HAL/SSD/ssd_program.o
 .data          0x00800060        0x0 ./HAL/LCD/LCD_program.o
 .data          0x00800060        0x0 ./HAL/KPD/KPD_Program.o
 .data          0x00800060       0xcb ./main.o
 .data          0x0080012b        0x0 e:/diploma_material/imt/sdk/imt_sdk_win_64/winavr/bin/../lib/gcc/avr/4.3.3/avr5\libgcc.a(_mulsi3.o)
 .data          0x0080012b        0x0 e:/diploma_material/imt/sdk/imt_sdk_win_64/winavr/bin/../lib/gcc/avr/4.3.3/avr5\libgcc.a(_udivmodhi4.o)
 .data          0x0080012b        0x0 e:/diploma_material/imt/sdk/imt_sdk_win_64/winavr/bin/../lib/gcc/avr/4.3.3/avr5\libgcc.a(_exit.o)
 .data          0x0080012b        0x0 e:/diploma_material/imt/sdk/imt_sdk_win_64/winavr/bin/../lib/gcc/avr/4.3.3/avr5\libgcc.a(_copy_data.o)
 .data          0x0080012b        0x0 e:/diploma_material/imt/sdk/imt_sdk_win_64/winavr/bin/../lib/gcc/avr/4.3.3/avr5\libgcc.a(_clear_bss.o)
 .data          0x0080012b        0x0 e:/diploma_material/imt/sdk/imt_sdk_win_64/winavr/bin/../lib/gcc/avr/4.3.3/avr5\libgcc.a(_fixunssfsi.o)
 .data          0x0080012b        0x0 e:/diploma_material/imt/sdk/imt_sdk_win_64/winavr/bin/../lib/gcc/avr/4.3.3/avr5\libgcc.a(_addsub_sf.o)
 .data          0x0080012b        0x0 e:/diploma_material/imt/sdk/imt_sdk_win_64/winavr/bin/../lib/gcc/avr/4.3.3/avr5\libgcc.a(_mul_sf.o)
 .data          0x0080012b        0x0 e:/diploma_material/imt/sdk/imt_sdk_win_64/winavr/bin/../lib/gcc/avr/4.3.3/avr5\libgcc.a(_gt_sf.o)
 .data          0x0080012b        0x0 e:/diploma_material/imt/sdk/imt_sdk_win_64/winavr/bin/../lib/gcc/avr/4.3.3/avr5\libgcc.a(_ge_sf.o)
 .data          0x0080012b        0x0 e:/diploma_material/imt/sdk/imt_sdk_win_64/winavr/bin/../lib/gcc/avr/4.3.3/avr5\libgcc.a(_lt_sf.o)
 .data          0x0080012b        0x0 e:/diploma_material/imt/sdk/imt_sdk_win_64/winavr/bin/../lib/gcc/avr/4.3.3/avr5\libgcc.a(_sf_to_si.o)
 .data          0x0080012b        0x8 e:/diploma_material/imt/sdk/imt_sdk_win_64/winavr/bin/../lib/gcc/avr/4.3.3/avr5\libgcc.a(_thenan_sf.o)
                0x0080012b                __thenan_sf
 .data          0x00800133        0x0 e:/diploma_material/imt/sdk/imt_sdk_win_64/winavr/bin/../lib/gcc/avr/4.3.3/avr5\libgcc.a(_prologue.o)
 .data          0x00800133        0x0 e:/diploma_material/imt/sdk/imt_sdk_win_64/winavr/bin/../lib/gcc/avr/4.3.3/avr5\libgcc.a(_epilogue.o)
 .data          0x00800133        0x0 e:/diploma_material/imt/sdk/imt_sdk_win_64/winavr/bin/../lib/gcc/avr/4.3.3/avr5\libgcc.a(_pack_sf.o)
 .data          0x00800133        0x0 e:/diploma_material/imt/sdk/imt_sdk_win_64/winavr/bin/../lib/gcc/avr/4.3.3/avr5\libgcc.a(_unpack_sf.o)
 .data          0x00800133        0x0 e:/diploma_material/imt/sdk/imt_sdk_win_64/winavr/bin/../lib/gcc/avr/4.3.3/avr5\libgcc.a(_fpcmp_parts_sf.o)
 *(.data*)
 .data.number   0x00800133        0xa ./HAL/SSD/ssd_program.o
                0x00800133                number
 .data.Local_u8KPDRowArr.1218
                0x0080013d        0x4 ./HAL/KPD/KPD_Program.o
 .data.Local_u8KPDColArr.1217
                0x00800141        0x4 ./HAL/KPD/KPD_Program.o
 .data.Local_u8KPDArr.1216
                0x00800145       0x10 ./HAL/KPD/KPD_Program.o
 *(.rodata)
 *(.rodata*)
 *(.gnu.linkonce.d*)
                0x00800156                . = ALIGN (0x2)
 *fill*         0x00800155        0x1 00
                0x00800156                _edata = .
                0x00800156                PROVIDE (__data_end, .)

.bss            0x00800156       0x1e
                0x00800156                PROVIDE (__bss_start, .)
 *(.bss)
 .bss           0x00800156        0x0 e:/diploma_material/imt/sdk/imt_sdk_win_64/winavr/bin/../lib/gcc/avr/4.3.3/../../../../avr/lib/avr5/crtm32.o
 .bss           0x00800156        0x0 ./MCAL/TIMERS/TIMERS_Program.o
 .bss           0x00800156        0x0 ./MCAL/GIE/GIE_pogram.o
 .bss           0x00800156        0x0 ./MCAL/EXTI/EXTI_program.o
 .bss           0x00800156        0x0 ./MCAL/DIO/DIO_program.o
 .bss           0x00800156        0x0 ./MCAL/ADC/ADC_Program.o
 .bss           0x00800156        0x0 ./HAL/servo/Servo_Program.o
 .bss           0x00800156        0x0 ./HAL/SSD/ssd_program.o
 .bss           0x00800156        0x0 ./HAL/LCD/LCD_program.o
 .bss           0x00800156        0x0 ./HAL/KPD/KPD_Program.o
 .bss           0x00800156        0x0 ./main.o
 .bss           0x00800156        0x0 e:/diploma_material/imt/sdk/imt_sdk_win_64/winavr/bin/../lib/gcc/avr/4.3.3/avr5\libgcc.a(_mulsi3.o)
 .bss           0x00800156        0x0 e:/diploma_material/imt/sdk/imt_sdk_win_64/winavr/bin/../lib/gcc/avr/4.3.3/avr5\libgcc.a(_udivmodhi4.o)
 .bss           0x00800156        0x0 e:/diploma_material/imt/sdk/imt_sdk_win_64/winavr/bin/../lib/gcc/avr/4.3.3/avr5\libgcc.a(_exit.o)
 .bss           0x00800156        0x0 e:/diploma_material/imt/sdk/imt_sdk_win_64/winavr/bin/../lib/gcc/avr/4.3.3/avr5\libgcc.a(_copy_data.o)
 .bss           0x00800156        0x0 e:/diploma_material/imt/sdk/imt_sdk_win_64/winavr/bin/../lib/gcc/avr/4.3.3/avr5\libgcc.a(_clear_bss.o)
 .bss           0x00800156        0x0 e:/diploma_material/imt/sdk/imt_sdk_win_64/winavr/bin/../lib/gcc/avr/4.3.3/avr5\libgcc.a(_fixunssfsi.o)
 .bss           0x00800156        0x0 e:/diploma_material/imt/sdk/imt_sdk_win_64/winavr/bin/../lib/gcc/avr/4.3.3/avr5\libgcc.a(_addsub_sf.o)
 .bss           0x00800156        0x0 e:/diploma_material/imt/sdk/imt_sdk_win_64/winavr/bin/../lib/gcc/avr/4.3.3/avr5\libgcc.a(_mul_sf.o)
 .bss           0x00800156        0x0 e:/diploma_material/imt/sdk/imt_sdk_win_64/winavr/bin/../lib/gcc/avr/4.3.3/avr5\libgcc.a(_gt_sf.o)
 .bss           0x00800156        0x0 e:/diploma_material/imt/sdk/imt_sdk_win_64/winavr/bin/../lib/gcc/avr/4.3.3/avr5\libgcc.a(_ge_sf.o)
 .bss           0x00800156        0x0 e:/diploma_material/imt/sdk/imt_sdk_win_64/winavr/bin/../lib/gcc/avr/4.3.3/avr5\libgcc.a(_lt_sf.o)
 .bss           0x00800156        0x0 e:/diploma_material/imt/sdk/imt_sdk_win_64/winavr/bin/../lib/gcc/avr/4.3.3/avr5\libgcc.a(_sf_to_si.o)
 .bss           0x00800156        0x0 e:/diploma_material/imt/sdk/imt_sdk_win_64/winavr/bin/../lib/gcc/avr/4.3.3/avr5\libgcc.a(_thenan_sf.o)
 .bss           0x00800156        0x0 e:/diploma_material/imt/sdk/imt_sdk_win_64/winavr/bin/../lib/gcc/avr/4.3.3/avr5\libgcc.a(_prologue.o)
 .bss           0x00800156        0x0 e:/diploma_material/imt/sdk/imt_sdk_win_64/winavr/bin/../lib/gcc/avr/4.3.3/avr5\libgcc.a(_epilogue.o)
 .bss           0x00800156        0x0 e:/diploma_material/imt/sdk/imt_sdk_win_64/winavr/bin/../lib/gcc/avr/4.3.3/avr5\libgcc.a(_pack_sf.o)
 .bss           0x00800156        0x0 e:/diploma_material/imt/sdk/imt_sdk_win_64/winavr/bin/../lib/gcc/avr/4.3.3/avr5\libgcc.a(_unpack_sf.o)
 .bss           0x00800156        0x0 e:/diploma_material/imt/sdk/imt_sdk_win_64/winavr/bin/../lib/gcc/avr/4.3.3/avr5\libgcc.a(_fpcmp_parts_sf.o)
 *(.bss*)
 .bss.Timer0_OVF_Fptr
                0x00800156        0x2 ./MCAL/TIMERS/TIMERS_Program.o
 .bss.Timer0_CTC_Fptr
                0x00800158        0x2 ./MCAL/TIMERS/TIMERS_Program.o
 .bss.Timer1_OVF_Fptr
                0x0080015a        0x2 ./MCAL/TIMERS/TIMERS_Program.o
 .bss.Timer1_OCA_Fptr
                0x0080015c        0x2 ./MCAL/TIMERS/TIMERS_Program.o
 .bss.Timer1_OCB_Fptr
                0x0080015e        0x2 ./MCAL/TIMERS/TIMERS_Program.o
 .bss.Timer1_ICU_Fptr
                0x00800160        0x2 ./MCAL/TIMERS/TIMERS_Program.o
 .bss.EXIT_INT0PtrFunc
                0x00800162        0x2 ./MCAL/EXTI/EXTI_program.o
                0x00800162                EXIT_INT0PtrFunc
 .bss.EXIT_INT1PtrFunc
                0x00800164        0x2 ./MCAL/EXTI/EXTI_program.o
                0x00800164                EXIT_INT1PtrFunc
 .bss.EXIT_INT2PtrFunc
                0x00800166        0x2 ./MCAL/EXTI/EXTI_program.o
                0x00800166                EXIT_INT2PtrFunc
 .bss.Global_pvNotificationFunction
                0x00800168        0x2 ./MCAL/ADC/ADC_Program.o
                0x00800168                Global_pvNotificationFunction
 .bss.ADC_u16DigitalValue
                0x0080016a        0x2 ./MCAL/ADC/ADC_Program.o
                0x0080016a                ADC_u16DigitalValue
 .bss.ADC_u8BusyState
                0x0080016c        0x1 ./MCAL/ADC/ADC_Program.o
                0x0080016c                ADC_u8BusyState
 .bss.temp      0x0080016d        0x1 ./main.o
                0x0080016d                temp
 *(COMMON)
 COMMON         0x0080016e        0x6 ./main.o
                0x0080016e                volt
                0x00800170                digital
                0x00800172                ADC_Result
                0x00800174                PROVIDE (__bss_end, .)
                0x0000417a                __data_load_start = LOADADDR (.data)
                0x00004270                __data_load_end = (__data_load_start + SIZEOF (.data))

.noinit         0x00800174        0x0
                0x00800174                PROVIDE (__noinit_start, .)
 *(.noinit*)
                0x00800174                PROVIDE (__noinit_end, .)
                0x00800174                _end = .
                0x00800174                PROVIDE (__heap_start, .)

.eeprom         0x00810000        0x0
 *(.eeprom*)
                0x00810000                __eeprom_end = .

.fuse
 *(.fuse)
 *(.lfuse)
 *(.hfuse)
 *(.efuse)

.lock
 *(.lock*)

.signature
 *(.signature*)

.stab           0x00000000     0x48fc
 *(.stab)
 .stab          0x00000000      0xd68 ./MCAL/TIMERS/TIMERS_Program.o
 .stab          0x00000d68      0x1d4 ./MCAL/GIE/GIE_pogram.o
                                0x1e0 (size before relaxing)
 .stab          0x00000f3c      0x84c ./MCAL/EXTI/EXTI_program.o
                                0x858 (size before relaxing)
 .stab          0x00001788      0x678 ./MCAL/DIO/DIO_program.o
                                0x684 (size before relaxing)
 .stab          0x00001e00      0x498 ./MCAL/ADC/ADC_Program.o
                                0x4a4 (size before relaxing)
 .stab          0x00002298      0x33c ./HAL/servo/Servo_Program.o
                                0x348 (size before relaxing)
 .stab          0x000025d4      0x7e0 ./HAL/SSD/ssd_program.o
                                0x7ec (size before relaxing)
 .stab          0x00002db4      0xb34 ./HAL/LCD/LCD_program.o
                                0xcd8 (size before relaxing)
 .stab          0x000038e8      0x390 ./HAL/KPD/KPD_Program.o
                                0x39c (size before relaxing)
 .stab          0x00003c78      0xc84 ./main.o
                                0xe28 (size before relaxing)

.stabstr        0x00000000     0x1eab
 *(.stabstr)
 .stabstr       0x00000000     0x1eab ./MCAL/TIMERS/TIMERS_Program.o

.stab.excl
 *(.stab.excl)

.stab.exclstr
 *(.stab.exclstr)

.stab.index
 *(.stab.index)

.stab.indexstr
 *(.stab.indexstr)

.comment
 *(.comment)

.debug
 *(.debug)

.line
 *(.line)

.debug_srcinfo
 *(.debug_srcinfo)

.debug_sfnames
 *(.debug_sfnames)

.debug_aranges  0x00000000      0x140
 *(.debug_aranges)
 .debug_aranges
                0x00000000       0x20 e:/diploma_material/imt/sdk/imt_sdk_win_64/winavr/bin/../lib/gcc/avr/4.3.3/avr5\libgcc.a(_fixunssfsi.o)
 .debug_aranges
                0x00000020       0x20 e:/diploma_material/imt/sdk/imt_sdk_win_64/winavr/bin/../lib/gcc/avr/4.3.3/avr5\libgcc.a(_addsub_sf.o)
 .debug_aranges
                0x00000040       0x20 e:/diploma_material/imt/sdk/imt_sdk_win_64/winavr/bin/../lib/gcc/avr/4.3.3/avr5\libgcc.a(_mul_sf.o)
 .debug_aranges
                0x00000060       0x20 e:/diploma_material/imt/sdk/imt_sdk_win_64/winavr/bin/../lib/gcc/avr/4.3.3/avr5\libgcc.a(_gt_sf.o)
 .debug_aranges
                0x00000080       0x20 e:/diploma_material/imt/sdk/imt_sdk_win_64/winavr/bin/../lib/gcc/avr/4.3.3/avr5\libgcc.a(_ge_sf.o)
 .debug_aranges
                0x000000a0       0x20 e:/diploma_material/imt/sdk/imt_sdk_win_64/winavr/bin/../lib/gcc/avr/4.3.3/avr5\libgcc.a(_lt_sf.o)
 .debug_aranges
                0x000000c0       0x20 e:/diploma_material/imt/sdk/imt_sdk_win_64/winavr/bin/../lib/gcc/avr/4.3.3/avr5\libgcc.a(_sf_to_si.o)
 .debug_aranges
                0x000000e0       0x20 e:/diploma_material/imt/sdk/imt_sdk_win_64/winavr/bin/../lib/gcc/avr/4.3.3/avr5\libgcc.a(_pack_sf.o)
 .debug_aranges
                0x00000100       0x20 e:/diploma_material/imt/sdk/imt_sdk_win_64/winavr/bin/../lib/gcc/avr/4.3.3/avr5\libgcc.a(_unpack_sf.o)
 .debug_aranges
                0x00000120       0x20 e:/diploma_material/imt/sdk/imt_sdk_win_64/winavr/bin/../lib/gcc/avr/4.3.3/avr5\libgcc.a(_fpcmp_parts_sf.o)

.debug_pubnames
                0x00000000      0x170
 *(.debug_pubnames)
 .debug_pubnames
                0x00000000       0x23 e:/diploma_material/imt/sdk/imt_sdk_win_64/winavr/bin/../lib/gcc/avr/4.3.3/avr5\libgcc.a(_fixunssfsi.o)
 .debug_pubnames
                0x00000023       0x2c e:/diploma_material/imt/sdk/imt_sdk_win_64/winavr/bin/../lib/gcc/avr/4.3.3/avr5\libgcc.a(_addsub_sf.o)
 .debug_pubnames
                0x0000004f       0x1f e:/diploma_material/imt/sdk/imt_sdk_win_64/winavr/bin/../lib/gcc/avr/4.3.3/avr5\libgcc.a(_mul_sf.o)
 .debug_pubnames
                0x0000006e       0x1e e:/diploma_material/imt/sdk/imt_sdk_win_64/winavr/bin/../lib/gcc/avr/4.3.3/avr5\libgcc.a(_gt_sf.o)
 .debug_pubnames
                0x0000008c       0x1e e:/diploma_material/imt/sdk/imt_sdk_win_64/winavr/bin/../lib/gcc/avr/4.3.3/avr5\libgcc.a(_ge_sf.o)
 .debug_pubnames
                0x000000aa       0x1e e:/diploma_material/imt/sdk/imt_sdk_win_64/winavr/bin/../lib/gcc/avr/4.3.3/avr5\libgcc.a(_lt_sf.o)
 .debug_pubnames
                0x000000c8       0x20 e:/diploma_material/imt/sdk/imt_sdk_win_64/winavr/bin/../lib/gcc/avr/4.3.3/avr5\libgcc.a(_sf_to_si.o)
 .debug_pubnames
                0x000000e8       0x22 e:/diploma_material/imt/sdk/imt_sdk_win_64/winavr/bin/../lib/gcc/avr/4.3.3/avr5\libgcc.a(_thenan_sf.o)
 .debug_pubnames
                0x0000010a       0x1f e:/diploma_material/imt/sdk/imt_sdk_win_64/winavr/bin/../lib/gcc/avr/4.3.3/avr5\libgcc.a(_pack_sf.o)
 .debug_pubnames
                0x00000129       0x21 e:/diploma_material/imt/sdk/imt_sdk_win_64/winavr/bin/../lib/gcc/avr/4.3.3/avr5\libgcc.a(_unpack_sf.o)
 .debug_pubnames
                0x0000014a       0x26 e:/diploma_material/imt/sdk/imt_sdk_win_64/winavr/bin/../lib/gcc/avr/4.3.3/avr5\libgcc.a(_fpcmp_parts_sf.o)

.debug_info     0x00000000     0x1c49
 *(.debug_info)
 .debug_info    0x00000000       0xb1 e:/diploma_material/imt/sdk/imt_sdk_win_64/winavr/bin/../lib/gcc/avr/4.3.3/avr5\libgcc.a(_fixunssfsi.o)
 .debug_info    0x000000b1      0x47a e:/diploma_material/imt/sdk/imt_sdk_win_64/winavr/bin/../lib/gcc/avr/4.3.3/avr5\libgcc.a(_addsub_sf.o)
 .debug_info    0x0000052b      0x485 e:/diploma_material/imt/sdk/imt_sdk_win_64/winavr/bin/../lib/gcc/avr/4.3.3/avr5\libgcc.a(_mul_sf.o)
 .debug_info    0x000009b0      0x27f e:/diploma_material/imt/sdk/imt_sdk_win_64/winavr/bin/../lib/gcc/avr/4.3.3/avr5\libgcc.a(_gt_sf.o)
 .debug_info    0x00000c2f      0x27f e:/diploma_material/imt/sdk/imt_sdk_win_64/winavr/bin/../lib/gcc/avr/4.3.3/avr5\libgcc.a(_ge_sf.o)
 .debug_info    0x00000eae      0x27f e:/diploma_material/imt/sdk/imt_sdk_win_64/winavr/bin/../lib/gcc/avr/4.3.3/avr5\libgcc.a(_lt_sf.o)
 .debug_info    0x0000112d      0x2b0 e:/diploma_material/imt/sdk/imt_sdk_win_64/winavr/bin/../lib/gcc/avr/4.3.3/avr5\libgcc.a(_sf_to_si.o)
 .debug_info    0x000013dd      0x12c e:/diploma_material/imt/sdk/imt_sdk_win_64/winavr/bin/../lib/gcc/avr/4.3.3/avr5\libgcc.a(_thenan_sf.o)
 .debug_info    0x00001509      0x2df e:/diploma_material/imt/sdk/imt_sdk_win_64/winavr/bin/../lib/gcc/avr/4.3.3/avr5\libgcc.a(_pack_sf.o)
 .debug_info    0x000017e8      0x251 e:/diploma_material/imt/sdk/imt_sdk_win_64/winavr/bin/../lib/gcc/avr/4.3.3/avr5\libgcc.a(_unpack_sf.o)
 .debug_info    0x00001a39      0x210 e:/diploma_material/imt/sdk/imt_sdk_win_64/winavr/bin/../lib/gcc/avr/4.3.3/avr5\libgcc.a(_fpcmp_parts_sf.o)
 *(.gnu.linkonce.wi.*)

.debug_abbrev   0x00000000      0xeeb
 *(.debug_abbrev)
 .debug_abbrev  0x00000000       0x5d e:/diploma_material/imt/sdk/imt_sdk_win_64/winavr/bin/../lib/gcc/avr/4.3.3/avr5\libgcc.a(_fixunssfsi.o)
 .debug_abbrev  0x0000005d      0x1ea e:/diploma_material/imt/sdk/imt_sdk_win_64/winavr/bin/../lib/gcc/avr/4.3.3/avr5\libgcc.a(_addsub_sf.o)
 .debug_abbrev  0x00000247      0x21b e:/diploma_material/imt/sdk/imt_sdk_win_64/winavr/bin/../lib/gcc/avr/4.3.3/avr5\libgcc.a(_mul_sf.o)
 .debug_abbrev  0x00000462      0x15a e:/diploma_material/imt/sdk/imt_sdk_win_64/winavr/bin/../lib/gcc/avr/4.3.3/avr5\libgcc.a(_gt_sf.o)
 .debug_abbrev  0x000005bc      0x15a e:/diploma_material/imt/sdk/imt_sdk_win_64/winavr/bin/../lib/gcc/avr/4.3.3/avr5\libgcc.a(_ge_sf.o)
 .debug_abbrev  0x00000716      0x15a e:/diploma_material/imt/sdk/imt_sdk_win_64/winavr/bin/../lib/gcc/avr/4.3.3/avr5\libgcc.a(_lt_sf.o)
 .debug_abbrev  0x00000870      0x17f e:/diploma_material/imt/sdk/imt_sdk_win_64/winavr/bin/../lib/gcc/avr/4.3.3/avr5\libgcc.a(_sf_to_si.o)
 .debug_abbrev  0x000009ef       0xad e:/diploma_material/imt/sdk/imt_sdk_win_64/winavr/bin/../lib/gcc/avr/4.3.3/avr5\libgcc.a(_thenan_sf.o)
 .debug_abbrev  0x00000a9c      0x1c0 e:/diploma_material/imt/sdk/imt_sdk_win_64/winavr/bin/../lib/gcc/avr/4.3.3/avr5\libgcc.a(_pack_sf.o)
 .debug_abbrev  0x00000c5c      0x154 e:/diploma_material/imt/sdk/imt_sdk_win_64/winavr/bin/../lib/gcc/avr/4.3.3/avr5\libgcc.a(_unpack_sf.o)
 .debug_abbrev  0x00000db0      0x13b e:/diploma_material/imt/sdk/imt_sdk_win_64/winavr/bin/../lib/gcc/avr/4.3.3/avr5\libgcc.a(_fpcmp_parts_sf.o)

.debug_line     0x00000000      0xdad
 *(.debug_line)
 .debug_line    0x00000000       0xa7 e:/diploma_material/imt/sdk/imt_sdk_win_64/winavr/bin/../lib/gcc/avr/4.3.3/avr5\libgcc.a(_fixunssfsi.o)
 .debug_line    0x000000a7      0x2af e:/diploma_material/imt/sdk/imt_sdk_win_64/winavr/bin/../lib/gcc/avr/4.3.3/avr5\libgcc.a(_addsub_sf.o)
 .debug_line    0x00000356      0x239 e:/diploma_material/imt/sdk/imt_sdk_win_64/winavr/bin/../lib/gcc/avr/4.3.3/avr5\libgcc.a(_mul_sf.o)
 .debug_line    0x0000058f       0xd3 e:/diploma_material/imt/sdk/imt_sdk_win_64/winavr/bin/../lib/gcc/avr/4.3.3/avr5\libgcc.a(_gt_sf.o)
 .debug_line    0x00000662       0xd3 e:/diploma_material/imt/sdk/imt_sdk_win_64/winavr/bin/../lib/gcc/avr/4.3.3/avr5\libgcc.a(_ge_sf.o)
 .debug_line    0x00000735       0xd3 e:/diploma_material/imt/sdk/imt_sdk_win_64/winavr/bin/../lib/gcc/avr/4.3.3/avr5\libgcc.a(_lt_sf.o)
 .debug_line    0x00000808      0x109 e:/diploma_material/imt/sdk/imt_sdk_win_64/winavr/bin/../lib/gcc/avr/4.3.3/avr5\libgcc.a(_sf_to_si.o)
 .debug_line    0x00000911       0x90 e:/diploma_material/imt/sdk/imt_sdk_win_64/winavr/bin/../lib/gcc/avr/4.3.3/avr5\libgcc.a(_thenan_sf.o)
 .debug_line    0x000009a1      0x18a e:/diploma_material/imt/sdk/imt_sdk_win_64/winavr/bin/../lib/gcc/avr/4.3.3/avr5\libgcc.a(_pack_sf.o)
 .debug_line    0x00000b2b      0x14b e:/diploma_material/imt/sdk/imt_sdk_win_64/winavr/bin/../lib/gcc/avr/4.3.3/avr5\libgcc.a(_unpack_sf.o)
 .debug_line    0x00000c76      0x137 e:/diploma_material/imt/sdk/imt_sdk_win_64/winavr/bin/../lib/gcc/avr/4.3.3/avr5\libgcc.a(_fpcmp_parts_sf.o)

.debug_frame    0x00000000      0x160
 *(.debug_frame)
 .debug_frame   0x00000000       0x20 e:/diploma_material/imt/sdk/imt_sdk_win_64/winavr/bin/../lib/gcc/avr/4.3.3/avr5\libgcc.a(_fixunssfsi.o)
 .debug_frame   0x00000020       0x40 e:/diploma_material/imt/sdk/imt_sdk_win_64/winavr/bin/../lib/gcc/avr/4.3.3/avr5\libgcc.a(_addsub_sf.o)
 .debug_frame   0x00000060       0x20 e:/diploma_material/imt/sdk/imt_sdk_win_64/winavr/bin/../lib/gcc/avr/4.3.3/avr5\libgcc.a(_mul_sf.o)
 .debug_frame   0x00000080       0x20 e:/diploma_material/imt/sdk/imt_sdk_win_64/winavr/bin/../lib/gcc/avr/4.3.3/avr5\libgcc.a(_gt_sf.o)
 .debug_frame   0x000000a0       0x20 e:/diploma_material/imt/sdk/imt_sdk_win_64/winavr/bin/../lib/gcc/avr/4.3.3/avr5\libgcc.a(_ge_sf.o)
 .debug_frame   0x000000c0       0x20 e:/diploma_material/imt/sdk/imt_sdk_win_64/winavr/bin/../lib/gcc/avr/4.3.3/avr5\libgcc.a(_lt_sf.o)
 .debug_frame   0x000000e0       0x20 e:/diploma_material/imt/sdk/imt_sdk_win_64/winavr/bin/../lib/gcc/avr/4.3.3/avr5\libgcc.a(_sf_to_si.o)
 .debug_frame   0x00000100       0x20 e:/diploma_material/imt/sdk/imt_sdk_win_64/winavr/bin/../lib/gcc/avr/4.3.3/avr5\libgcc.a(_pack_sf.o)
 .debug_frame   0x00000120       0x20 e:/diploma_material/imt/sdk/imt_sdk_win_64/winavr/bin/../lib/gcc/avr/4.3.3/avr5\libgcc.a(_unpack_sf.o)
 .debug_frame   0x00000140       0x20 e:/diploma_material/imt/sdk/imt_sdk_win_64/winavr/bin/../lib/gcc/avr/4.3.3/avr5\libgcc.a(_fpcmp_parts_sf.o)

.debug_str      0x00000000      0x28d
 *(.debug_str)
 .debug_str     0x00000000       0xbf e:/diploma_material/imt/sdk/imt_sdk_win_64/winavr/bin/../lib/gcc/avr/4.3.3/avr5\libgcc.a(_fixunssfsi.o)
                                 0xfe (size before relaxing)
 .debug_str     0x000000bf      0x14d e:/diploma_material/imt/sdk/imt_sdk_win_64/winavr/bin/../lib/gcc/avr/4.3.3/avr5\libgcc.a(_addsub_sf.o)
                                0x206 (size before relaxing)
 .debug_str     0x0000020c       0x27 e:/diploma_material/imt/sdk/imt_sdk_win_64/winavr/bin/../lib/gcc/avr/4.3.3/avr5\libgcc.a(_mul_sf.o)
                                0x1bf (size before relaxing)
 .debug_str     0x00000233        0xf e:/diploma_material/imt/sdk/imt_sdk_win_64/winavr/bin/../lib/gcc/avr/4.3.3/avr5\libgcc.a(_gt_sf.o)
                                0x195 (size before relaxing)
 .debug_str     0x00000242        0x8 e:/diploma_material/imt/sdk/imt_sdk_win_64/winavr/bin/../lib/gcc/avr/4.3.3/avr5\libgcc.a(_ge_sf.o)
                                0x195 (size before relaxing)
 .debug_str     0x0000024a        0x8 e:/diploma_material/imt/sdk/imt_sdk_win_64/winavr/bin/../lib/gcc/avr/4.3.3/avr5\libgcc.a(_lt_sf.o)
                                0x195 (size before relaxing)
 .debug_str     0x00000252        0xa e:/diploma_material/imt/sdk/imt_sdk_win_64/winavr/bin/../lib/gcc/avr/4.3.3/avr5\libgcc.a(_sf_to_si.o)
                                0x19e (size before relaxing)
 .debug_str     0x00000000      0x103 e:/diploma_material/imt/sdk/imt_sdk_win_64/winavr/bin/../lib/gcc/avr/4.3.3/avr5\libgcc.a(_thenan_sf.o)
 .debug_str     0x0000025c       0x16 e:/diploma_material/imt/sdk/imt_sdk_win_64/winavr/bin/../lib/gcc/avr/4.3.3/avr5\libgcc.a(_pack_sf.o)
                                0x19d (size before relaxing)
 .debug_str     0x00000272        0xb e:/diploma_material/imt/sdk/imt_sdk_win_64/winavr/bin/../lib/gcc/avr/4.3.3/avr5\libgcc.a(_unpack_sf.o)
                                0x17f (size before relaxing)
 .debug_str     0x0000027d       0x10 e:/diploma_material/imt/sdk/imt_sdk_win_64/winavr/bin/../lib/gcc/avr/4.3.3/avr5\libgcc.a(_fpcmp_parts_sf.o)
                                0x163 (size before relaxing)

.debug_loc      0x00000000      0x7ce
 *(.debug_loc)
 .debug_loc     0x00000000       0x34 e:/diploma_material/imt/sdk/imt_sdk_win_64/winavr/bin/../lib/gcc/avr/4.3.3/avr5\libgcc.a(_fixunssfsi.o)
 .debug_loc     0x00000034      0x32a e:/diploma_material/imt/sdk/imt_sdk_win_64/winavr/bin/../lib/gcc/avr/4.3.3/avr5\libgcc.a(_addsub_sf.o)
 .debug_loc     0x0000035e      0x104 e:/diploma_material/imt/sdk/imt_sdk_win_64/winavr/bin/../lib/gcc/avr/4.3.3/avr5\libgcc.a(_mul_sf.o)
 .debug_loc     0x00000462       0x3c e:/diploma_material/imt/sdk/imt_sdk_win_64/winavr/bin/../lib/gcc/avr/4.3.3/avr5\libgcc.a(_gt_sf.o)
 .debug_loc     0x0000049e       0x3c e:/diploma_material/imt/sdk/imt_sdk_win_64/winavr/bin/../lib/gcc/avr/4.3.3/avr5\libgcc.a(_ge_sf.o)
 .debug_loc     0x000004da       0x3c e:/diploma_material/imt/sdk/imt_sdk_win_64/winavr/bin/../lib/gcc/avr/4.3.3/avr5\libgcc.a(_lt_sf.o)
 .debug_loc     0x00000516       0x7e e:/diploma_material/imt/sdk/imt_sdk_win_64/winavr/bin/../lib/gcc/avr/4.3.3/avr5\libgcc.a(_sf_to_si.o)
 .debug_loc     0x00000594      0x13e e:/diploma_material/imt/sdk/imt_sdk_win_64/winavr/bin/../lib/gcc/avr/4.3.3/avr5\libgcc.a(_pack_sf.o)
 .debug_loc     0x000006d2       0xac e:/diploma_material/imt/sdk/imt_sdk_win_64/winavr/bin/../lib/gcc/avr/4.3.3/avr5\libgcc.a(_unpack_sf.o)
 .debug_loc     0x0000077e       0x50 e:/diploma_material/imt/sdk/imt_sdk_win_64/winavr/bin/../lib/gcc/avr/4.3.3/avr5\libgcc.a(_fpcmp_parts_sf.o)

.debug_macinfo
 *(.debug_macinfo)
OUTPUT(servo_motor.elf elf32-avr)
LOAD linker stubs

.debug_ranges   0x00000000       0x50
 .debug_ranges  0x00000000       0x50 e:/diploma_material/imt/sdk/imt_sdk_win_64/winavr/bin/../lib/gcc/avr/4.3.3/avr5\libgcc.a(_mul_sf.o)
